// Jest Snapshot v1, https://goo.gl/fbAQLP

exports[`PaletteView should match the snapshot 1`] = `ShallowWrapper {}`;
